
> react-kavia@0.1.0 start
> cross-env EDIT_MODE=true webpack serve --config .ve/webpack.config.js --mode development

<i> [webpack-dev-server] Project is running at:
<i> [webpack-dev-server] Loopback: http://localhost:3000/, http://[::1]:3000/
<i> [webpack-dev-server] On Your Network (IPv4): http://172.17.0.2:3000/
<i> [webpack-dev-server] Content not from webpack is served from './public' directory
Injecting EditorRootWrapper import: ../.ve/EditorRootWrapper
asset bundle.js 1.41 MiB [emitted] (name: main)
asset index.html 1.98 KiB [emitted]
runtime modules 27.5 KiB 14 modules
cacheable modules 1.27 MiB
  modules by path ./node_modules/ 1.24 MiB 31 modules
  modules by path ./src/ 16.6 KiB
    modules by path ./src/components/*.js 8.03 KiB 10 modules
    modules by path ./src/*.css 7.56 KiB 4 modules
    modules by path ./src/*.js 1.01 KiB
      ./src/index.js 530 bytes [built] [code generated]
      ./src/App.js 501 bytes [built] [code generated]
  modules by path ./.ve/ 15.1 KiB
    modules by path ./.ve/*.js 10.6 KiB 2 modules
    modules by path ./.ve/*.css 2.93 KiB 2 modules
    ./.ve/EditorOverlay.jsx 1.58 KiB [built] [code generated]
webpack 5.99.9 compiled successfully in 1228 ms
assets by status 1.98 KiB [cached] 1 asset
assets by path *.js 1.41 MiB
  asset bundle.js 1.41 MiB [emitted] (name: main)
  asset main.ec53dbd5fd934e09020d.hot-update.js 3.36 KiB [emitted] [immutable] [hmr] (name: main)
asset main.ec53dbd5fd934e09020d.hot-update.json 28 bytes [emitted] [immutable] [hmr]
Entrypoint main 1.41 MiB = bundle.js 1.41 MiB main.ec53dbd5fd934e09020d.hot-update.js 3.36 KiB
cached modules 1.27 MiB [cached] 51 modules
runtime modules 27.5 KiB 14 modules
./src/components/RoomLayoutEditor.js 1.34 KiB [built] [code generated]
webpack 5.99.9 compiled successfully in 73 ms
assets by status 1.98 KiB [cached] 1 asset
assets by path *.js 1.42 MiB
  asset bundle.js 1.41 MiB [emitted] (name: main)
  asset main.fb922bb820ee175a3ea1.hot-update.js 3.35 KiB [emitted] [immutable] [hmr] (name: main)
asset main.fb922bb820ee175a3ea1.hot-update.json 28 bytes [emitted] [immutable] [hmr]
Entrypoint main 1.42 MiB = bundle.js 1.41 MiB main.fb922bb820ee175a3ea1.hot-update.js 3.35 KiB
cached modules 1.27 MiB [cached] 51 modules
runtime modules 27.5 KiB 14 modules
./src/components/FurnitureCatalog.js 1.37 KiB [built] [code generated]
webpack 5.99.9 compiled successfully in 54 ms
assets by status 1.98 KiB [cached] 1 asset
assets by path *.js 1.42 MiB
  asset bundle.js 1.41 MiB [emitted] (name: main)
  asset main.e55e7236405256910e08.hot-update.js 2.94 KiB [emitted] [immutable] [hmr] (name: main)
asset main.e55e7236405256910e08.hot-update.json 28 bytes [emitted] [immutable] [hmr]
Entrypoint main 1.42 MiB = bundle.js 1.41 MiB main.e55e7236405256910e08.hot-update.js 2.94 KiB
cached modules 1.27 MiB [cached] 51 modules
runtime modules 27.5 KiB 14 modules
./src/components/RoomDimensionSetup.js 1.03 KiB [built] [code generated]
webpack 5.99.9 compiled successfully in 40 ms
assets by status 1.98 KiB [cached] 1 asset
assets by path *.js 1.42 MiB
  asset bundle.js 1.41 MiB [emitted] (name: main)
  asset main.002ff9523c88f2657715.hot-update.js 2.99 KiB [emitted] [immutable] [hmr] (name: main)
asset main.002ff9523c88f2657715.hot-update.json 28 bytes [emitted] [immutable] [hmr]
Entrypoint main 1.42 MiB = bundle.js 1.41 MiB main.002ff9523c88f2657715.hot-update.js 2.99 KiB
cached modules 1.27 MiB [cached] 51 modules
runtime modules 27.5 KiB 14 modules
./src/components/ThemeTemplates.js 1.09 KiB [built] [code generated]
webpack 5.99.9 compiled successfully in 37 ms
assets by status 1.98 KiB [cached] 1 asset
assets by path *.js 1.42 MiB
  asset bundle.js 1.42 MiB [emitted] (name: main)
  asset main.c75df66ab7a4510bba23.hot-update.js 2.98 KiB [emitted] [immutable] [hmr] (name: main)
asset main.c75df66ab7a4510bba23.hot-update.json 28 bytes [emitted] [immutable] [hmr]
Entrypoint main 1.42 MiB = bundle.js 1.42 MiB main.c75df66ab7a4510bba23.hot-update.js 2.98 KiB
cached modules 1.27 MiB [cached] 51 modules
runtime modules 27.5 KiB 14 modules
./src/components/SaveSharePanel.js 1.08 KiB [built] [code generated]
webpack 5.99.9 compiled successfully in 39 ms
assets by status 1.98 KiB [cached] 1 asset
assets by path *.js 1.42 MiB
  asset bundle.js 1.42 MiB [emitted] (name: main)
  asset main.b8a925b5e3da613faeb6.hot-update.js 2.98 KiB [emitted] [immutable] [hmr] (name: main)
asset main.b8a925b5e3da613faeb6.hot-update.json 28 bytes [emitted] [immutable] [hmr]
Entrypoint main 1.42 MiB = bundle.js 1.42 MiB main.b8a925b5e3da613faeb6.hot-update.js 2.98 KiB
cached modules 1.27 MiB [cached] 51 modules
runtime modules 27.5 KiB 14 modules
./src/components/AISuggestions.js 1.09 KiB [built] [code generated]
webpack 5.99.9 compiled successfully in 35 ms
assets by status 1.98 KiB [cached] 1 asset
assets by path *.js 1.42 MiB
  asset bundle.js 1.42 MiB [emitted] (name: main)
  asset main.69617bf8a6ba609feccb.hot-update.js 2.97 KiB [emitted] [immutable] [hmr] (name: main)
asset main.69617bf8a6ba609feccb.hot-update.json 28 bytes [emitted] [immutable] [hmr]
Entrypoint main 1.42 MiB = bundle.js 1.42 MiB main.69617bf8a6ba609feccb.hot-update.js 2.97 KiB
cached modules 1.27 MiB [cached] 51 modules
runtime modules 27.5 KiB 14 modules
./src/components/UserManagement.js 1.07 KiB [built] [code generated]
webpack 5.99.9 compiled successfully in 35 ms
assets by status 1.98 KiB [cached] 1 asset
assets by path *.js 1.42 MiB
  asset bundle.js 1.42 MiB [emitted] (name: main)
  asset main.1ca9e8045141027e6d9e.hot-update.js 3.79 KiB [emitted] [immutable] [hmr] (name: main)
asset main.1ca9e8045141027e6d9e.hot-update.json 28 bytes [emitted] [immutable] [hmr]
Entrypoint main 1.42 MiB = bundle.js 1.42 MiB main.1ca9e8045141027e6d9e.hot-update.js 3.79 KiB
cached modules 1.28 MiB [cached] 51 modules
runtime modules 27.5 KiB 14 modules
./src/components/TopNavBar.js 1.72 KiB [built] [code generated]
webpack 5.99.9 compiled successfully in 45 ms
assets by status 1.98 KiB [cached] 1 asset
assets by path *.js 1.43 MiB
  asset bundle.js 1.42 MiB [emitted] (name: main)
  asset main.30611ab2316f0a21d43f.hot-update.js 8.88 KiB [emitted] [immutable] [hmr] (name: main)
asset main.30611ab2316f0a21d43f.hot-update.json 28 bytes [emitted] [immutable] [hmr]
Entrypoint main 1.43 MiB = bundle.js 1.42 MiB main.30611ab2316f0a21d43f.hot-update.js 8.88 KiB
cached modules 1.27 MiB [cached] 51 modules
runtime modules 27.5 KiB 14 modules
./src/components/MainContainer.js 4.88 KiB [built] [code generated]
webpack 5.99.9 compiled successfully in 59 ms
